<!doctype html public "-//w3c//dtd html 4.0 transitional//en">
<html><head>
<title>Static Call Graph - [.\Objects\alpha.axf]</title></head>
<body><HR>
<H1>Static Call Graph for image .\Objects\alpha.axf</H1><HR>
<BR><P>#&#060CALLGRAPH&#062# ARM Linker, RVCT4.0 [Build 524]: Last Updated: Thu Dec 30 15:42:24 2021
<BR><P>
<H3>Maximum Stack Usage =         32 bytes + Unknown(Functions without stacksize, Untraceable Function Pointers)</H3><H3>
Call chain for Maximum Stack Depth:</H3>
main &rArr; Pwm_Init &rArr; Pwm_Init_confg
<P>
<H3>
Functions with no stack information
</H3><UL>
 <LI><a href="#[25285a4]">__user_initial_stackheap</a>
</UL>
</UL>
<P>
<H3>
Function Pointers
</H3><UL>
 <LI><a href="#[2526150]">main</a>
 <LI><a href="#[252096c]">__I$use$semihosting</a>
</UL>
<P>
<H3>
Global Symbols
</H3>
<P><STRONG><a name="[2524e54]"></a>__main</STRONG> (ARM, 8 bytes, Stack size 0 bytes, __main.o(!!!main))
<BR><BR>[Calls]<UL><LI><a href="#[251e4a0]">&gt;&gt;</a>&nbsp;&nbsp;&nbsp;__scatterload
<LI><a href="#[2524d28]">&gt;&gt;</a>&nbsp;&nbsp;&nbsp;__rt_entry
</UL>

<P><STRONG><a name="[251e4a0]"></a>__scatterload</STRONG> (ARM, 0 bytes, Stack size unknown bytes, __scatter.o(!!!scatter))
<BR><BR>[Called By]<UL><LI><a href="#[2524e54]">&gt;&gt;</a>&nbsp;&nbsp;&nbsp;__main
</UL>

<P><STRONG><a name="[251e464]"></a>__scatterload_rt2</STRONG> (ARM, 52 bytes, Stack size unknown bytes, __scatter.o(!!!scatter), UNUSED)
<BR><BR>[Calls]<UL><LI><a href="#[2524d28]">&gt;&gt;</a>&nbsp;&nbsp;&nbsp;__rt_entry
</UL>

<P><STRONG><a name="[251e428]"></a>__scatterload_null</STRONG> (ARM, 0 bytes, Stack size unknown bytes, __scatter.o(!!!scatter), UNUSED)

<P><STRONG><a name="[251e284]"></a>__scatterload_copy</STRONG> (ARM, 40 bytes, Stack size unknown bytes, __scatter_copy.o(!!handler_copy), UNUSED)
<BR><BR>[Calls]<UL><LI><a href="#[251e284]">&gt;&gt;</a>&nbsp;&nbsp;&nbsp;__scatterload_copy
</UL>
<BR>[Called By]<UL><LI><a href="#[251e284]">&gt;&gt;</a>&nbsp;&nbsp;&nbsp;__scatterload_copy
</UL>

<P><STRONG><a name="[251e194]"></a>__scatterload_zeroinit</STRONG> (ARM, 44 bytes, Stack size unknown bytes, __scatter_zi.o(!!handler_zi), UNUSED)

<P><STRONG><a name="[252393c]"></a>__rt_lib_init</STRONG> (Thumb, 0 bytes, Stack size unknown bytes, libinit.o(.ARM.Collect$$libinit$$00000000))
<BR><BR>[Calls]<UL><LI><a href="#[25213bc]">&gt;&gt;</a>&nbsp;&nbsp;&nbsp;_fp_init (via Veneer)
</UL>
<BR>[Called By]<UL><LI><a href="#[252465c]">&gt;&gt;</a>&nbsp;&nbsp;&nbsp;__rt_entry_li (via Veneer)
</UL>

<P><STRONG><a name="[2521a88]"></a>__rt_lib_init_alloca_1</STRONG> (Thumb, 0 bytes, Stack size unknown bytes, libinit2.o(.ARM.Collect$$libinit$$0000002A))

<P><STRONG><a name="[2521b00]"></a>__rt_lib_init_argv_1</STRONG> (Thumb, 0 bytes, Stack size unknown bytes, libinit2.o(.ARM.Collect$$libinit$$00000028))

<P><STRONG><a name="[2521ec0]"></a>__rt_lib_init_atexit_1</STRONG> (Thumb, 0 bytes, Stack size unknown bytes, libinit2.o(.ARM.Collect$$libinit$$00000017))

<P><STRONG><a name="[2521d58]"></a>__rt_lib_init_clock_1</STRONG> (Thumb, 0 bytes, Stack size unknown bytes, libinit2.o(.ARM.Collect$$libinit$$0000001D))

<P><STRONG><a name="[2521998]"></a>__rt_lib_init_cpp_1</STRONG> (Thumb, 0 bytes, Stack size unknown bytes, libinit2.o(.ARM.Collect$$libinit$$0000002E))

<P><STRONG><a name="[2521a10]"></a>__rt_lib_init_exceptions_1</STRONG> (Thumb, 0 bytes, Stack size unknown bytes, libinit2.o(.ARM.Collect$$libinit$$0000002C))

<P><STRONG><a name="[2521dd0]"></a>__rt_lib_init_fp_trap_1</STRONG> (Thumb, 0 bytes, Stack size unknown bytes, libinit2.o(.ARM.Collect$$libinit$$0000001B))

<P><STRONG><a name="[2521ce0]"></a>__rt_lib_init_getenv_1</STRONG> (Thumb, 0 bytes, Stack size unknown bytes, libinit2.o(.ARM.Collect$$libinit$$0000001F))

<P><STRONG><a name="[25222bc]"></a>__rt_lib_init_heap_1</STRONG> (Thumb, 0 bytes, Stack size unknown bytes, libinit2.o(.ARM.Collect$$libinit$$00000006))

<P><STRONG><a name="[2522118]"></a>__rt_lib_init_lc_collate_1</STRONG> (Thumb, 0 bytes, Stack size unknown bytes, libinit2.o(.ARM.Collect$$libinit$$0000000D))

<P><STRONG><a name="[25220a0]"></a>__rt_lib_init_lc_ctype_1</STRONG> (Thumb, 0 bytes, Stack size unknown bytes, libinit2.o(.ARM.Collect$$libinit$$0000000F))

<P><STRONG><a name="[2522028]"></a>__rt_lib_init_lc_monetary_1</STRONG> (Thumb, 0 bytes, Stack size unknown bytes, libinit2.o(.ARM.Collect$$libinit$$00000011))

<P><STRONG><a name="[2521fb0]"></a>__rt_lib_init_lc_numeric_1</STRONG> (Thumb, 0 bytes, Stack size unknown bytes, libinit2.o(.ARM.Collect$$libinit$$00000013))

<P><STRONG><a name="[2521f38]"></a>__rt_lib_init_lc_time_1</STRONG> (Thumb, 0 bytes, Stack size unknown bytes, libinit2.o(.ARM.Collect$$libinit$$00000015))

<P><STRONG><a name="[25221cc]"></a>__rt_lib_init_rand_1</STRONG> (Thumb, 0 bytes, Stack size unknown bytes, libinit2.o(.ARM.Collect$$libinit$$0000000A))

<P><STRONG><a name="[252195c]"></a>__rt_lib_init_return</STRONG> (Thumb, 0 bytes, Stack size unknown bytes, libinit2.o(.ARM.Collect$$libinit$$0000002F))

<P><STRONG><a name="[2521e48]"></a>__rt_lib_init_signal_1</STRONG> (Thumb, 0 bytes, Stack size unknown bytes, libinit2.o(.ARM.Collect$$libinit$$00000019))

<P><STRONG><a name="[2521c68]"></a>__rt_lib_init_stdio_1</STRONG> (Thumb, 0 bytes, Stack size unknown bytes, libinit2.o(.ARM.Collect$$libinit$$00000021))

<P><STRONG><a name="[2522244]"></a>__rt_lib_init_user_alloc_1</STRONG> (Thumb, 0 bytes, Stack size unknown bytes, libinit2.o(.ARM.Collect$$libinit$$00000008))

<P><STRONG><a name="[251fd3c]"></a>__rt_lib_shutdown</STRONG> (Thumb, 0 bytes, Stack size unknown bytes, libshutdown.o(.ARM.Collect$$libshutdown$$00000000))
<BR><BR>[Called By]<UL><LI><a href="#[25210b0]">&gt;&gt;</a>&nbsp;&nbsp;&nbsp;__rt_exit_ls (via Veneer)
</UL>

<P><STRONG><a name="[251ea04]"></a>__rt_lib_shutdown_fp_trap_1</STRONG> (Thumb, 0 bytes, Stack size unknown bytes, libshutdown2.o(.ARM.Collect$$libshutdown$$00000006))

<P><STRONG><a name="[251e824]"></a>__rt_lib_shutdown_heap_1</STRONG> (Thumb, 0 bytes, Stack size unknown bytes, libshutdown2.o(.ARM.Collect$$libshutdown$$0000000E))

<P><STRONG><a name="[251e7e8]"></a>__rt_lib_shutdown_return</STRONG> (Thumb, 0 bytes, Stack size unknown bytes, libshutdown2.o(.ARM.Collect$$libshutdown$$0000000F))

<P><STRONG><a name="[251e950]"></a>__rt_lib_shutdown_signal_1</STRONG> (Thumb, 0 bytes, Stack size unknown bytes, libshutdown2.o(.ARM.Collect$$libshutdown$$00000009))

<P><STRONG><a name="[251eab8]"></a>__rt_lib_shutdown_stdio_1</STRONG> (Thumb, 0 bytes, Stack size unknown bytes, libshutdown2.o(.ARM.Collect$$libshutdown$$00000003))

<P><STRONG><a name="[251e8d8]"></a>__rt_lib_shutdown_user_alloc_1</STRONG> (Thumb, 0 bytes, Stack size unknown bytes, libshutdown2.o(.ARM.Collect$$libshutdown$$0000000B))

<P><STRONG><a name="[2524d28]"></a>__rt_entry</STRONG> (ARM, 0 bytes, Stack size unknown bytes, rtentry.o(.ARM.Collect$$rtentry$$00000000))
<BR><BR>[Called By]<UL><LI><a href="#[251e464]">&gt;&gt;</a>&nbsp;&nbsp;&nbsp;__scatterload_rt2
<LI><a href="#[2524e54]">&gt;&gt;</a>&nbsp;&nbsp;&nbsp;__main
</UL>

<P><STRONG><a name="[2524710]"></a>__rt_entry_presh_1</STRONG> (ARM, 0 bytes, Stack size unknown bytes, rtentry2.o(.ARM.Collect$$rtentry$$00000002))

<P><STRONG><a name="[252438c]"></a>__rt_entry_sh</STRONG> (ARM, 0 bytes, Stack size unknown bytes, rtentry4.o(.ARM.Collect$$rtentry$$00000004))
<BR><BR>[Stack]<UL><LI>Max Depth = 8 + Unknown Stack Size
<LI>Call Chain = __rt_entry_sh &rArr; __user_setup_stackheap
</UL>
<BR>[Calls]<UL><LI><a href="#[2524134]">&gt;&gt;</a>&nbsp;&nbsp;&nbsp;__user_setup_stackheap
</UL>

<P><STRONG><a name="[252465c]"></a>__rt_entry_li</STRONG> (ARM, 0 bytes, Stack size unknown bytes, rtentry2.o(.ARM.Collect$$rtentry$$0000000A))
<BR><BR>[Calls]<UL><LI><a href="#[252393c]">&gt;&gt;</a>&nbsp;&nbsp;&nbsp;__rt_lib_init (via Veneer)
</UL>

<P><STRONG><a name="[2524698]"></a>__rt_entry_postsh_1</STRONG> (ARM, 0 bytes, Stack size unknown bytes, rtentry2.o(.ARM.Collect$$rtentry$$00000009))

<P><STRONG><a name="[25245a8]"></a>__rt_entry_main</STRONG> (ARM, 0 bytes, Stack size unknown bytes, rtentry2.o(.ARM.Collect$$rtentry$$0000000D))
<BR><BR>[Calls]<UL><LI><a href="#[2523fcc]">&gt;&gt;</a>&nbsp;&nbsp;&nbsp;exit (via BX)
</UL>

<P><STRONG><a name="[25245e4]"></a>__rt_entry_postli_1</STRONG> (ARM, 0 bytes, Stack size unknown bytes, rtentry2.o(.ARM.Collect$$rtentry$$0000000C))

<P><STRONG><a name="[25231bc]"></a>__rt_exit</STRONG> (ARM, 0 bytes, Stack size unknown bytes, rtexit.o(.ARM.Collect$$rtexit$$00000000))
<BR><BR>[Called By]<UL><LI><a href="#[2523fcc]">&gt;&gt;</a>&nbsp;&nbsp;&nbsp;exit (via Veneer)
</UL>

<P><STRONG><a name="[25210b0]"></a>__rt_exit_ls</STRONG> (ARM, 0 bytes, Stack size unknown bytes, rtexit2.o(.ARM.Collect$$rtexit$$00000003))
<BR><BR>[Calls]<UL><LI><a href="#[251fd3c]">&gt;&gt;</a>&nbsp;&nbsp;&nbsp;__rt_lib_shutdown (via Veneer)
</UL>

<P><STRONG><a name="[25210ec]"></a>__rt_exit_prels_1</STRONG> (ARM, 0 bytes, Stack size unknown bytes, rtexit2.o(.ARM.Collect$$rtexit$$00000002))

<P><STRONG><a name="[2521074]"></a>__rt_exit_exit</STRONG> (ARM, 0 bytes, Stack size unknown bytes, rtexit2.o(.ARM.Collect$$rtexit$$00000004))
<BR><BR>[Calls]<UL><LI><a href="#[25212cc]">&gt;&gt;</a>&nbsp;&nbsp;&nbsp;_sys_exit
</UL>

<P><STRONG><a name="[25285a4]"></a>__user_initial_stackheap</STRONG> (ARM, 0 bytes, Stack size unknown bytes, startup.o(.text))
<BR><BR>[Called By]<UL><LI><a href="#[2524134]">&gt;&gt;</a>&nbsp;&nbsp;&nbsp;__user_setup_stackheap
</UL>

<P><STRONG><a name="[252591c]"></a>__aeabi_idiv</STRONG> (ARM, 0 bytes, Stack size 8 bytes, aeabi_sdiv.o(.text), UNUSED)

<P><STRONG><a name="[25258e0]"></a>__aeabi_idivmod</STRONG> (ARM, 384 bytes, Stack size 8 bytes, aeabi_sdiv.o(.text), UNUSED)

<P><STRONG><a name="[2524fbc]"></a>__use_two_region_memory</STRONG> (Thumb, 2 bytes, Stack size 0 bytes, heapauxi.o(.text), UNUSED)

<P><STRONG><a name="[2524f80]"></a>__rt_heap_escrow$2region</STRONG> (Thumb, 2 bytes, Stack size 0 bytes, heapauxi.o(.text), UNUSED)

<P><STRONG><a name="[2524f44]"></a>__rt_heap_expand$2region</STRONG> (Thumb, 2 bytes, Stack size 0 bytes, heapauxi.o(.text), UNUSED)

<P><STRONG><a name="[2524134]"></a>__user_setup_stackheap</STRONG> (ARM, 96 bytes, Stack size 8 bytes, sys_stackheap_outer.o(.text))
<BR><BR>[Stack]<UL><LI>Max Depth = 8 + Unknown Stack Size
<LI>Call Chain = __user_setup_stackheap
</UL>
<BR>[Calls]<UL><LI><a href="#[25232ac]">&gt;&gt;</a>&nbsp;&nbsp;&nbsp;__user_perproc_libspace
<LI><a href="#[25285a4]">&gt;&gt;</a>&nbsp;&nbsp;&nbsp;__user_initial_stackheap
</UL>
<BR>[Called By]<UL><LI><a href="#[252438c]">&gt;&gt;</a>&nbsp;&nbsp;&nbsp;__rt_entry_sh
</UL>

<P><STRONG><a name="[2523fcc]"></a>exit</STRONG> (Thumb, 12 bytes, Stack size 0 bytes, exit.o(.text))
<BR><BR>[Calls]<UL><LI><a href="#[25231bc]">&gt;&gt;</a>&nbsp;&nbsp;&nbsp;__rt_exit (via Veneer)
<LI><a href="#[2523f54]">&gt;&gt;</a>&nbsp;&nbsp;&nbsp;_call_atexit_fns (Weak Reference)
</UL>
<BR>[Called By]<UL><LI><a href="#[25245a8]">&gt;&gt;</a>&nbsp;&nbsp;&nbsp;__rt_entry_main
</UL>

<P><STRONG><a name="[25232e8]"></a>__user_libspace</STRONG> (ARM, 12 bytes, Stack size 0 bytes, libspace.o(.text), UNUSED)

<P><STRONG><a name="[25232ac]"></a>__user_perproc_libspace</STRONG> (ARM, 0 bytes, Stack size 0 bytes, libspace.o(.text))
<BR><BR>[Called By]<UL><LI><a href="#[2524134]">&gt;&gt;</a>&nbsp;&nbsp;&nbsp;__user_setup_stackheap
</UL>

<P><STRONG><a name="[2523270]"></a>__user_perthread_libspace</STRONG> (ARM, 0 bytes, Stack size 0 bytes, libspace.o(.text), UNUSED)

<P><STRONG><a name="[25212cc]"></a>_sys_exit</STRONG> (ARM, 20 bytes, Stack size 0 bytes, sys_exit.o(.text))
<BR><BR>[Called By]<UL><LI><a href="#[2521074]">&gt;&gt;</a>&nbsp;&nbsp;&nbsp;__rt_exit_exit
</UL>

<P><STRONG><a name="[252096c]"></a>__I$use$semihosting</STRONG> (ARM, 0 bytes, Stack size 0 bytes, use_no_semi.o(.text))
<BR>[Address Reference Count : 1]<UL><LI> sys_exit.o(.text)
</UL>
<P><STRONG><a name="[2520930]"></a>__use_no_semihosting_swi</STRONG> (ARM, 4 bytes, Stack size 0 bytes, use_no_semi.o(.text), UNUSED)

<P><STRONG><a name="[25258a4]"></a>__aeabi_uidiv</STRONG> (ARM, 0 bytes, Stack size 0 bytes, aeabi_sdiv.o(.text_udiv), UNUSED)

<P><STRONG><a name="[2525868]"></a>__aeabi_uidivmod</STRONG> (ARM, 28 bytes, Stack size 0 bytes, aeabi_sdiv.o(.text_udiv))
<BR><BR>[Calls]<UL><LI><a href="#[2525958]">&gt;&gt;</a>&nbsp;&nbsp;&nbsp;__arm_div_large
<LI><a href="#[2525994]">&gt;&gt;</a>&nbsp;&nbsp;&nbsp;__arm_div4
<LI><a href="#[25259d0]">&gt;&gt;</a>&nbsp;&nbsp;&nbsp;__arm_div8
</UL>
<BR>[Called By]<UL><LI><a href="#[25277d0]">&gt;&gt;</a>&nbsp;&nbsp;&nbsp;Pwm_SetDutyCycle
<LI><a href="#[252780c]">&gt;&gt;</a>&nbsp;&nbsp;&nbsp;Pwm_Init_confg
</UL>

<P><STRONG><a name="[2527794]"></a>Mcu_Init</STRONG> (ARM, 72 bytes, Stack size 0 bytes, mcu.o(i.Mcu_Init))
<BR><BR>[Called By]<UL><LI><a href="#[252780c]">&gt;&gt;</a>&nbsp;&nbsp;&nbsp;Pwm_Init_confg
</UL>

<P><STRONG><a name="[25276a4]"></a>Port_Init</STRONG> (ARM, 24 bytes, Stack size 0 bytes, port.o(i.Port_Init))
<BR><BR>[Called By]<UL><LI><a href="#[252780c]">&gt;&gt;</a>&nbsp;&nbsp;&nbsp;Pwm_Init_confg
</UL>

<P><STRONG><a name="[2527848]"></a>Pwm_Init</STRONG> (ARM, 8 bytes, Stack size 0 bytes, pwm.o(i.Pwm_Init))
<BR><BR>[Stack]<UL><LI>Max Depth = 16 + Unknown Stack Size
<LI>Call Chain = Pwm_Init &rArr; Pwm_Init_confg
</UL>
<BR>[Calls]<UL><LI><a href="#[252780c]">&gt;&gt;</a>&nbsp;&nbsp;&nbsp;Pwm_Init_confg
</UL>
<BR>[Called By]<UL><LI><a href="#[2526150]">&gt;&gt;</a>&nbsp;&nbsp;&nbsp;main
</UL>

<P><STRONG><a name="[252780c]"></a>Pwm_Init_confg</STRONG> (ARM, 188 bytes, Stack size 16 bytes, pwm.o(i.Pwm_Init_confg))
<BR><BR>[Stack]<UL><LI>Max Depth = 16 + Unknown Stack Size
<LI>Call Chain = Pwm_Init_confg
</UL>
<BR>[Calls]<UL><LI><a href="#[2525868]">&gt;&gt;</a>&nbsp;&nbsp;&nbsp;__aeabi_uidivmod
<LI><a href="#[25276a4]">&gt;&gt;</a>&nbsp;&nbsp;&nbsp;Port_Init
<LI><a href="#[2527794]">&gt;&gt;</a>&nbsp;&nbsp;&nbsp;Mcu_Init
</UL>
<BR>[Called By]<UL><LI><a href="#[2527848]">&gt;&gt;</a>&nbsp;&nbsp;&nbsp;Pwm_Init
</UL>

<P><STRONG><a name="[25277d0]"></a>Pwm_SetDutyCycle</STRONG> (ARM, 44 bytes, Stack size 8 bytes, pwm.o(i.Pwm_SetDutyCycle))
<BR><BR>[Stack]<UL><LI>Max Depth = 8 + Unknown Stack Size
<LI>Call Chain = Pwm_SetDutyCycle
</UL>
<BR>[Calls]<UL><LI><a href="#[2525868]">&gt;&gt;</a>&nbsp;&nbsp;&nbsp;__aeabi_uidivmod
</UL>
<BR>[Called By]<UL><LI><a href="#[2526150]">&gt;&gt;</a>&nbsp;&nbsp;&nbsp;main
</UL>

<P><STRONG><a name="[2526150]"></a>main</STRONG> (ARM, 112 bytes, Stack size 16 bytes, main.o(i.main))
<BR><BR>[Stack]<UL><LI>Max Depth = 32 + Unknown Stack Size
<LI>Call Chain = main &rArr; Pwm_Init &rArr; Pwm_Init_confg
</UL>
<BR>[Calls]<UL><LI><a href="#[25277d0]">&gt;&gt;</a>&nbsp;&nbsp;&nbsp;Pwm_SetDutyCycle
<LI><a href="#[2527848]">&gt;&gt;</a>&nbsp;&nbsp;&nbsp;Pwm_Init
</UL>
<BR>[Address Reference Count : 1]<UL><LI> rtentry2.o(.ARM.Collect$$rtentry$$0000000D)
</UL>
<P><STRONG><a name="[25213f8]"></a>__fplib_config_pureend_doubles</STRONG> (ARM, 0 bytes, Stack size 0 bytes, fpinit.o(x$fpl$fpinit), UNUSED)

<P><STRONG><a name="[25213bc]"></a>_fp_init</STRONG> (ARM, 4 bytes, Stack size 0 bytes, fpinit.o(x$fpl$fpinit))
<BR><BR>[Called By]<UL><LI><a href="#[252393c]">&gt;&gt;</a>&nbsp;&nbsp;&nbsp;__rt_lib_init (via Veneer)
</UL>
<P>
<H3>
Local Symbols
</H3>
<P><STRONG><a name="[25259d0]"></a>__arm_div8</STRONG> (ARM, 0 bytes, Stack size unknown bytes, aeabi_sdiv.o(.text))
<BR><BR>[Called By]<UL><LI><a href="#[2525868]">&gt;&gt;</a>&nbsp;&nbsp;&nbsp;__aeabi_uidivmod
</UL>

<P><STRONG><a name="[2525994]"></a>__arm_div4</STRONG> (ARM, 0 bytes, Stack size unknown bytes, aeabi_sdiv.o(.text))
<BR><BR>[Called By]<UL><LI><a href="#[2525868]">&gt;&gt;</a>&nbsp;&nbsp;&nbsp;__aeabi_uidivmod
</UL>

<P><STRONG><a name="[2525958]"></a>__arm_div_large</STRONG> (ARM, 0 bytes, Stack size unknown bytes, aeabi_sdiv.o(.text))
<BR><BR>[Called By]<UL><LI><a href="#[2525868]">&gt;&gt;</a>&nbsp;&nbsp;&nbsp;__aeabi_uidivmod
</UL>
<P>
<H3>
Undefined Global Symbols
</H3>
<P><STRONG><a name="[2523f54]"></a>_call_atexit_fns</STRONG> (ARM, 0 bytes, Stack size 0 bytes, UNDEFINED)
<BR><BR>[Called By]<UL><LI><a href="#[2523fcc]">&gt;&gt;</a>&nbsp;&nbsp;&nbsp;exit
</UL>
<HR></body></html>
